// Jest Snapshot v1, https://goo.gl/fbAQLP

exports[`SearchBox renders correctly 1`] = `
<div
  className="form-group"
>
  <label
    className="form-label"
  >
    label
  </label>
  <div
    className="mb-3 input-group"
  >
    <input
      aria-describedby="basic-addon2"
      aria-label="label"
      className="form-control"
      name="name"
      onChange={[Function]}
      placeholder="placeholder"
      value="value"
    />
    <button
      className="btn btn-danger"
      disabled={false}
      onClick={[Function]}
      type="button"
    >
      Remove
    </button>
  </div>
</div>
`;
